
> marketplace@0.1.0 build
> next build

node.exe : ΓÜá 
Warning: Next.js 
inferred your 
workspace root, but it 
may not be correct.
At line:1 char:1
+ & "C:\Program 
Files\nodejs/node.exe" 
"C:\Program 
Files\nodejs/node_mo 
...
+ ~~~~~~~~~~~~~~~~~~~~~
~~~~~~~~~~~~~~~~~~~~~~~
~~~~~~~~~~~~~~~~~~~~~~~
~~
    + CategoryInfo     
         : NotSpecifi  
  ed: (ΓÜá Warning:    
 Ne...not be correc    
t.:String) [], Rem    
oteException
    + FullyQualifiedEr 
   rorId : NativeComm  
  andError
 
 We detected multiple 
lockfiles and selected 
the directory of C:\Use
rs\Hp\package-lock.json
 as the root directory.
 To silence this 
warning, set 
`turbopack.root` in 
your Next.js config, 
or consider removing 
one of the lockfiles 
if it's not needed.
   See https://nextjs.o
rg/docs/app/api-referen
ce/config/next-config-j
s/turbopack#root-direct
ory for more 
information.
 Detected additional 
lockfiles: 
   * C:\Users\Hp\Deskto
p\eCommerce\frontend\pa
ckage-lock.json

Γû▓ Next.js 16.1.2 (Turbopack)
- Environments: .env.local

  Creating an optimized production build ...

> Build error occurred
Error: Turbopack build 
failed with 8 errors:
./Desktop/eCommerce/fro
ntend/app/seller/dashbo
ard/orders/page.tsx:5:1
Export formatCurrency 
doesn't exist in 
target module
[0m [90m 3 |[39m 
[36mimport[39m { 
useEffect[33m,[39m 
useState } 
[36mfrom[39m [32m"re
act"[39m[33m;[39m
 [90m 4 |[39m 
[36mimport[39m { api 
} [36mfrom[39m [32m"
@/lib/api"[39m[33m;[
39m
[31m[1m>[22m[39m[9
0m 5 |[39m 
[36mimport[39m { 
formatCurrency } 
[36mfrom[39m [32m"@/
lib/utils"[39m[33m;[
39m
 [90m   |[39m [31m[
1m^[22m[39m[31m[1m^
[22m[39m[31m[1m^[2
2m[39m[31m[1m^[22m
[39m[31m[1m^[22m[39
m[31m[1m^[22m[39m[
31m[1m^[22m[39m[31m
[1m^[22m[39m[31m[1
m^[22m[39m[31m[1m^
[22m[39m[31m[1m^[22
m[39m[31m[1m^[22m[
39m[31m[1m^[22m[39m
[31m[1m^[22m[39m[3
1m[1m^[22m[39m[31m
[1m^[22m[39m[31m[1m
^[22m[39m[31m[1m^[
22m[39m[31m[1m^[22m
[39m[31m[1m^[22m[3
9m[31m[1m^[22m[39m
[31m[1m^[22m[39m[31
m[1m^[22m[39m[31m[
1m^[22m[39m[31m[1m^
[22m[39m[31m[1m^[2
2m[39m[31m[1m^[22m
[39m[31m[1m^[22m[39
m[31m[1m^[22m[39m[
31m[1m^[22m[39m[31m
[1m^[22m[39m[31m[1
m^[22m[39m[31m[1m^
[22m[39m[31m[1m^[22
m[39m[31m[1m^[22m[
39m[31m[1m^[22m[39m
[31m[1m^[22m[39m[3
1m[1m^[22m[39m[31m
[1m^[22m[39m[31m[1m
^[22m[39m[31m[1m^[
22m[39m[31m[1m^[22m
[39m[31m[1m^[22m[3
9m[31m[1m^[22m[39m
[31m[1m^[22m[39m
 [90m 6 |[39m 
[36mimport[39m { 
 [90m 7 |[39m   [33m
Search[39m[33m,[39m 
 [90m 8 |[39m   [33m
Filter[39m[33m,[39m 
[0m

The export 
formatCurrency was not 
found in module [projec
t]/Desktop/eCommerce/fr
ontend/lib/utils.ts 
[app-client] 
(ecmascript).
Did you mean to import 
cn?
All exports of the 
module are statically 
known (It doesn't have 
dynamic exports). So 
it's known statically 
that the requested 
export doesn't exist.

Import traces:
  Client Component 
Browser:
    ./Desktop/eCommerce
/frontend/app/seller/da
shboard/orders/page.tsx
 [Client Component 
Browser]
    ./Desktop/eCommerce
/frontend/app/seller/da
shboard/orders/page.tsx
 [Server Component]

  Client Component SSR:
    ./Desktop/eCommerce
/frontend/app/seller/da
shboard/orders/page.tsx
 [Client Component SSR]
    ./Desktop/eCommerce
/frontend/app/seller/da
shboard/orders/page.tsx
 [Server Component]


./Desktop/eCommerce/fro
ntend/app/seller/dashbo
ard/orders/page.tsx:5:1
Export formatCurrency 
doesn't exist in 
target module
[0m [90m 3 |[39m 
[36mimport[39m { 
useEffect[33m,[39m 
useState } 
[36mfrom[39m [32m"re
act"[39m[33m;[39m
 [90m 4 |[39m 
[36mimport[39m { api 
} [36mfrom[39m [32m"
@/lib/api"[39m[33m;[
39m
[31m[1m>[22m[39m[9
0m 5 |[39m 
[36mimport[39m { 
formatCurrency } 
[36mfrom[39m [32m"@/
lib/utils"[39m[33m;[
39m
 [90m   |[39m [31m[
1m^[22m[39m[31m[1m^
[22m[39m[31m[1m^[2
2m[39m[31m[1m^[22m
[39m[31m[1m^[22m[39
m[31m[1m^[22m[39m[
31m[1m^[22m[39m[31m
[1m^[22m[39m[31m[1
m^[22m[39m[31m[1m^
[22m[39m[31m[1m^[22
m[39m[31m[1m^[22m[
39m[31m[1m^[22m[39m
[31m[1m^[22m[39m[3
1m[1m^[22m[39m[31m
[1m^[22m[39m[31m[1m
^[22m[39m[31m[1m^[
22m[39m[31m[1m^[22m
[39m[31m[1m^[22m[3
9m[31m[1m^[22m[39m
[31m[1m^[22m[39m[31
m[1m^[22m[39m[31m[
1m^[22m[39m[31m[1m^
[22m[39m[31m[1m^[2
2m[39m[31m[1m^[22m
[39m[31m[1m^[22m[39
m[31m[1m^[22m[39m[
31m[1m^[22m[39m[31m
[1m^[22m[39m[31m[1
m^[22m[39m[31m[1m^
[22m[39m[31m[1m^[22
m[39m[31m[1m^[22m[
39m[31m[1m^[22m[39m
[31m[1m^[22m[39m[3
1m[1m^[22m[39m[31m
[1m^[22m[39m[31m[1m
^[22m[39m[31m[1m^[
22m[39m[31m[1m^[22m
[39m[31m[1m^[22m[3
9m[31m[1m^[22m[39m
[31m[1m^[22m[39m
 [90m 6 |[39m 
[36mimport[39m { 
 [90m 7 |[39m   [33m
Search[39m[33m,[39m 
 [90m 8 |[39m   [33m
Filter[39m[33m,[39m 
[0m

The export 
formatCurrency was not 
found in module [projec
t]/Desktop/eCommerce/fr
ontend/lib/utils.ts 
[app-ssr] (ecmascript).
Did you mean to import 
cn?
All exports of the 
module are statically 
known (It doesn't have 
dynamic exports). So 
it's known statically 
that the requested 
export doesn't exist.

Import traces:
  Client Component 
Browser:
    ./Desktop/eCommerce
/frontend/app/seller/da
shboard/orders/page.tsx
 [Client Component 
Browser]
    ./Desktop/eCommerce
/frontend/app/seller/da
shboard/orders/page.tsx
 [Server Component]

  Client Component SSR:
    ./Desktop/eCommerce
/frontend/app/seller/da
shboard/orders/page.tsx
 [Client Component SSR]
    ./Desktop/eCommerce
/frontend/app/seller/da
shboard/orders/page.tsx
 [Server Component]


./Desktop/eCommerce/fro
ntend/app/seller/dashbo
ard/page.tsx:5:1
Export formatCurrency 
doesn't exist in 
target module
[0m [90m 3 |[39m 
[36mimport[39m { 
useEffect[33m,[39m 
useState } 
[36mfrom[39m [32m"re
act"[39m[33m;[39m
 [90m 4 |[39m 
[36mimport[39m { api 
} [36mfrom[39m [32m"
@/lib/api"[39m[33m;[
39m
[31m[1m>[22m[39m[9
0m 5 |[39m 
[36mimport[39m { 
formatCurrency } 
[36mfrom[39m [32m"@/
lib/utils"[39m[33m;[
39m
 [90m   |[39m [31m[
1m^[22m[39m[31m[1m^
[22m[39m[31m[1m^[2
2m[39m[31m[1m^[22m
[39m[31m[1m^[22m[39
m[31m[1m^[22m[39m[
31m[1m^[22m[39m[31m
[1m^[22m[39m[31m[1
m^[22m[39m[31m[1m^
[22m[39m[31m[1m^[22
m[39m[31m[1m^[22m[
39m[31m[1m^[22m[39m
[31m[1m^[22m[39m[3
1m[1m^[22m[39m[31m
[1m^[22m[39m[31m[1m
^[22m[39m[31m[1m^[
22m[39m[31m[1m^[22m
[39m[31m[1m^[22m[3
9m[31m[1m^[22m[39m
[31m[1m^[22m[39m[31
m[1m^[22m[39m[31m[
1m^[22m[39m[31m[1m^
[22m[39m[31m[1m^[2
2m[39m[31m[1m^[22m
[39m[31m[1m^[22m[39
m[31m[1m^[22m[39m[
31m[1m^[22m[39m[31m
[1m^[22m[39m[31m[1
m^[22m[39m[31m[1m^
[22m[39m[31m[1m^[22
m[39m[31m[1m^[22m[
39m[31m[1m^[22m[39m
[31m[1m^[22m[39m[3
1m[1m^[22m[39m[31m
[1m^[22m[39m[31m[1m
^[22m[39m[31m[1m^[
22m[39m[31m[1m^[22m
[39m[31m[1m^[22m[3
9m[31m[1m^[22m[39m
[31m[1m^[22m[39m
 [90m 6 |[39m 
[36mimport[39m { 
 [90m 7 |[39m   [33m
TrendingUp[39m[33m,[
39m 
 [90m 8 |[39m   [33m
TrendingDown[39m[33m,
[39m [0m

The export 
formatCurrency was not 
found in module [projec
t]/Desktop/eCommerce/fr
ontend/lib/utils.ts 
[app-client] 
(ecmascript).
Did you mean to import 
cn?
All exports of the 
module are statically 
known (It doesn't have 
dynamic exports). So 
it's known statically 
that the requested 
export doesn't exist.

Import traces:
  Client Component 
Browser:
    ./Desktop/eCommerce
/frontend/app/seller/da
shboard/page.tsx 
[Client Component 
Browser]
    ./Desktop/eCommerce
/frontend/app/seller/da
shboard/page.tsx 
[Server Component]

  Client Component SSR:
    ./Desktop/eCommerce
/frontend/app/seller/da
shboard/page.tsx 
[Client Component SSR]
    ./Desktop/eCommerce
/frontend/app/seller/da
shboard/page.tsx 
[Server Component]


./Desktop/eCommerce/fro
ntend/app/seller/dashbo
ard/page.tsx:5:1
Export formatCurrency 
doesn't exist in 
target module
[0m [90m 3 |[39m 
[36mimport[39m { 
useEffect[33m,[39m 
useState } 
[36mfrom[39m [32m"re
act"[39m[33m;[39m
 [90m 4 |[39m 
[36mimport[39m { api 
} [36mfrom[39m [32m"
@/lib/api"[39m[33m;[
39m
[31m[1m>[22m[39m[9
0m 5 |[39m 
[36mimport[39m { 
formatCurrency } 
[36mfrom[39m [32m"@/
lib/utils"[39m[33m;[
39m
 [90m   |[39m [31m[
1m^[22m[39m[31m[1m^
[22m[39m[31m[1m^[2
2m[39m[31m[1m^[22m
[39m[31m[1m^[22m[39
m[31m[1m^[22m[39m[
31m[1m^[22m[39m[31m
[1m^[22m[39m[31m[1
m^[22m[39m[31m[1m^
[22m[39m[31m[1m^[22
m[39m[31m[1m^[22m[
39m[31m[1m^[22m[39m
[31m[1m^[22m[39m[3
1m[1m^[22m[39m[31m
[1m^[22m[39m[31m[1m
^[22m[39m[31m[1m^[
22m[39m[31m[1m^[22m
[39m[31m[1m^[22m[3
9m[31m[1m^[22m[39m
[31m[1m^[22m[39m[31
m[1m^[22m[39m[31m[
1m^[22m[39m[31m[1m^
[22m[39m[31m[1m^[2
2m[39m[31m[1m^[22m
[39m[31m[1m^[22m[39
m[31m[1m^[22m[39m[
31m[1m^[22m[39m[31m
[1m^[22m[39m[31m[1
m^[22m[39m[31m[1m^
[22m[39m[31m[1m^[22
m[39m[31m[1m^[22m[
39m[31m[1m^[22m[39m
[31m[1m^[22m[39m[3
1m[1m^[22m[39m[31m
[1m^[22m[39m[31m[1m
^[22m[39m[31m[1m^[
22m[39m[31m[1m^[22m
[39m[31m[1m^[22m[3
9m[31m[1m^[22m[39m
[31m[1m^[22m[39m
 [90m 6 |[39m 
[36mimport[39m { 
 [90m 7 |[39m   [33m
TrendingUp[39m[33m,[
39m 
 [90m 8 |[39m   [33m
TrendingDown[39m[33m,
[39m [0m

The export 
formatCurrency was not 
found in module [projec
t]/Desktop/eCommerce/fr
ontend/lib/utils.ts 
[app-ssr] (ecmascript).
Did you mean to import 
cn?
All exports of the 
module are statically 
known (It doesn't have 
dynamic exports). So 
it's known statically 
that the requested 
export doesn't exist.

Import traces:
  Client Component 
Browser:
    ./Desktop/eCommerce
/frontend/app/seller/da
shboard/page.tsx 
[Client Component 
Browser]
    ./Desktop/eCommerce
/frontend/app/seller/da
shboard/page.tsx 
[Server Component]

  Client Component SSR:
    ./Desktop/eCommerce
/frontend/app/seller/da
shboard/page.tsx 
[Client Component SSR]
    ./Desktop/eCommerce
/frontend/app/seller/da
shboard/page.tsx 
[Server Component]


./Desktop/eCommerce/fro
ntend/app/seller/dashbo
ard/payouts/page.tsx:5:
1
Export formatCurrency 
doesn't exist in 
target module
[0m [90m 3 |[39m 
[36mimport[39m { 
useEffect[33m,[39m 
useState } 
[36mfrom[39m [32m"re
act"[39m[33m;[39m
 [90m 4 |[39m 
[36mimport[39m { api 
} [36mfrom[39m [32m"
@/lib/api"[39m[33m;[
39m
[31m[1m>[22m[39m[9
0m 5 |[39m 
[36mimport[39m { 
formatCurrency } 
[36mfrom[39m [32m"@/
lib/utils"[39m[33m;[
39m
 [90m   |[39m [31m[
1m^[22m[39m[31m[1m^
[22m[39m[31m[1m^[2
2m[39m[31m[1m^[22m
[39m[31m[1m^[22m[39
m[31m[1m^[22m[39m[
31m[1m^[22m[39m[31m
[1m^[22m[39m[31m[1
m^[22m[39m[31m[1m^
[22m[39m[31m[1m^[22
m[39m[31m[1m^[22m[
39m[31m[1m^[22m[39m
[31m[1m^[22m[39m[3
1m[1m^[22m[39m[31m
[1m^[22m[39m[31m[1m
^[22m[39m[31m[1m^[
22m[39m[31m[1m^[22m
[39m[31m[1m^[22m[3
9m[31m[1m^[22m[39m
[31m[1m^[22m[39m[31
m[1m^[22m[39m[31m[
1m^[22m[39m[31m[1m^
[22m[39m[31m[1m^[2
2m[39m[31m[1m^[22m
[39m[31m[1m^[22m[39
m[31m[1m^[22m[39m[
31m[1m^[22m[39m[31m
[1m^[22m[39m[31m[1
m^[22m[39m[31m[1m^
[22m[39m[31m[1m^[22
m[39m[31m[1m^[22m[
39m[31m[1m^[22m[39m
[31m[1m^[22m[39m[3
1m[1m^[22m[39m[31m
[1m^[22m[39m[31m[1m
^[22m[39m[31m[1m^[
22m[39m[31m[1m^[22m
[39m[31m[1m^[22m[3
9m[31m[1m^[22m[39m
[31m[1m^[22m[39m
 [90m 6 |[39m 
[36mimport[39m { 
 [90m 7 |[39m   [33m
Wallet[39m[33m,[39m 
 [90m 8 |[39m   [33m
ArrowUpRight[39m[33m,
[39m [0m

The export 
formatCurrency was not 
found in module [projec
t]/Desktop/eCommerce/fr
ontend/lib/utils.ts 
[app-client] 
(ecmascript).
Did you mean to import 
cn?
All exports of the 
module are statically 
known (It doesn't have 
dynamic exports). So 
it's known statically 
that the requested 
export doesn't exist.

Import traces:
  Client Component 
Browser:
    ./Desktop/eCommerce
/frontend/app/seller/da
shboard/payouts/page.ts
x [Client Component 
Browser]
    ./Desktop/eCommerce
/frontend/app/seller/da
shboard/payouts/page.ts
x [Server Component]

  Client Component SSR:
    ./Desktop/eCommerce
/frontend/app/seller/da
shboard/payouts/page.ts
x [Client Component 
SSR]
    ./Desktop/eCommerce
/frontend/app/seller/da
shboard/payouts/page.ts
x [Server Component]


./Desktop/eCommerce/fro
ntend/app/seller/dashbo
ard/payouts/page.tsx:5:
1
Export formatCurrency 
doesn't exist in 
target module
[0m [90m 3 |[39m 
[36mimport[39m { 
useEffect[33m,[39m 
useState } 
[36mfrom[39m [32m"re
act"[39m[33m;[39m
 [90m 4 |[39m 
[36mimport[39m { api 
} [36mfrom[39m [32m"
@/lib/api"[39m[33m;[
39m
[31m[1m>[22m[39m[9
0m 5 |[39m 
[36mimport[39m { 
formatCurrency } 
[36mfrom[39m [32m"@/
lib/utils"[39m[33m;[
39m
 [90m   |[39m [31m[
1m^[22m[39m[31m[1m^
[22m[39m[31m[1m^[2
2m[39m[31m[1m^[22m
[39m[31m[1m^[22m[39
m[31m[1m^[22m[39m[
31m[1m^[22m[39m[31m
[1m^[22m[39m[31m[1
m^[22m[39m[31m[1m^
[22m[39m[31m[1m^[22
m[39m[31m[1m^[22m[
39m[31m[1m^[22m[39m
[31m[1m^[22m[39m[3
1m[1m^[22m[39m[31m
[1m^[22m[39m[31m[1m
^[22m[39m[31m[1m^[
22m[39m[31m[1m^[22m
[39m[31m[1m^[22m[3
9m[31m[1m^[22m[39m
[31m[1m^[22m[39m[31
m[1m^[22m[39m[31m[
1m^[22m[39m[31m[1m^
[22m[39m[31m[1m^[2
2m[39m[31m[1m^[22m
[39m[31m[1m^[22m[39
m[31m[1m^[22m[39m[
31m[1m^[22m[39m[31m
[1m^[22m[39m[31m[1
m^[22m[39m[31m[1m^
[22m[39m[31m[1m^[22
m[39m[31m[1m^[22m[
39m[31m[1m^[22m[39m
[31m[1m^[22m[39m[3
1m[1m^[22m[39m[31m
[1m^[22m[39m[31m[1m
^[22m[39m[31m[1m^[
22m[39m[31m[1m^[22m
[39m[31m[1m^[22m[3
9m[31m[1m^[22m[39m
[31m[1m^[22m[39m
 [90m 6 |[39m 
[36mimport[39m { 
 [90m 7 |[39m   [33m
Wallet[39m[33m,[39m 
 [90m 8 |[39m   [33m
ArrowUpRight[39m[33m,
[39m [0m

The export 
formatCurrency was not 
found in module [projec
t]/Desktop/eCommerce/fr
ontend/lib/utils.ts 
[app-ssr] (ecmascript).
Did you mean to import 
cn?
All exports of the 
module are statically 
known (It doesn't have 
dynamic exports). So 
it's known statically 
that the requested 
export doesn't exist.

Import traces:
  Client Component 
Browser:
    ./Desktop/eCommerce
/frontend/app/seller/da
shboard/payouts/page.ts
x [Client Component 
Browser]
    ./Desktop/eCommerce
/frontend/app/seller/da
shboard/payouts/page.ts
x [Server Component]

  Client Component SSR:
    ./Desktop/eCommerce
/frontend/app/seller/da
shboard/payouts/page.ts
x [Client Component 
SSR]
    ./Desktop/eCommerce
/frontend/app/seller/da
shboard/payouts/page.ts
x [Server Component]


./Desktop/eCommerce/fro
ntend/app/seller/dashbo
ard/products/page.tsx:5
:1
Export formatCurrency 
doesn't exist in 
target module
[0m [90m 3 |[39m 
[36mimport[39m { 
useEffect[33m,[39m 
useState } 
[36mfrom[39m [32m"re
act"[39m[33m;[39m
 [90m 4 |[39m 
[36mimport[39m { api 
} [36mfrom[39m [32m"
@/lib/api"[39m[33m;[
39m
[31m[1m>[22m[39m[9
0m 5 |[39m 
[36mimport[39m { 
formatCurrency } 
[36mfrom[39m [32m"@/
lib/utils"[39m[33m;[
39m
 [90m   |[39m [31m[
1m^[22m[39m[31m[1m^
[22m[39m[31m[1m^[2
2m[39m[31m[1m^[22m
[39m[31m[1m^[22m[39
m[31m[1m^[22m[39m[
31m[1m^[22m[39m[31m
[1m^[22m[39m[31m[1
m^[22m[39m[31m[1m^
[22m[39m[31m[1m^[22
m[39m[31m[1m^[22m[
39m[31m[1m^[22m[39m
[31m[1m^[22m[39m[3
1m[1m^[22m[39m[31m
[1m^[22m[39m[31m[1m
^[22m[39m[31m[1m^[
22m[39m[31m[1m^[22m
[39m[31m[1m^[22m[3
9m[31m[1m^[22m[39m
[31m[1m^[22m[39m[31
m[1m^[22m[39m[31m[
1m^[22m[39m[31m[1m^
[22m[39m[31m[1m^[2
2m[39m[31m[1m^[22m
[39m[31m[1m^[22m[39
m[31m[1m^[22m[39m[
31m[1m^[22m[39m[31m
[1m^[22m[39m[31m[1
m^[22m[39m[31m[1m^
[22m[39m[31m[1m^[22
m[39m[31m[1m^[22m[
39m[31m[1m^[22m[39m
[31m[1m^[22m[39m[3
1m[1m^[22m[39m[31m
[1m^[22m[39m[31m[1m
^[22m[39m[31m[1m^[
22m[39m[31m[1m^[22m
[39m[31m[1m^[22m[3
9m[31m[1m^[22m[39m
[31m[1m^[22m[39m
 [90m 6 |[39m 
[36mimport[39m 
[33mLink[39m 
[36mfrom[39m [32m"ne
xt/link"[39m[33m;[39
m
 [90m 7 |[39m 
[36mimport[39m { 
 [90m 8 |[39m   [33m
Plus[39m[33m,[39m 
[0m

The export 
formatCurrency was not 
found in module [projec
t]/Desktop/eCommerce/fr
ontend/lib/utils.ts 
[app-client] 
(ecmascript).
Did you mean to import 
cn?
All exports of the 
module are statically 
known (It doesn't have 
dynamic exports). So 
it's known statically 
that the requested 
export doesn't exist.

Import traces:
  Client Component 
Browser:
    ./Desktop/eCommerce
/frontend/app/seller/da
shboard/products/page.t
sx [Client Component 
Browser]
    ./Desktop/eCommerce
/frontend/app/seller/da
shboard/products/page.t
sx [Server Component]

  Client Component SSR:
    ./Desktop/eCommerce
/frontend/app/seller/da
shboard/products/page.t
sx [Client Component 
SSR]
    ./Desktop/eCommerce
/frontend/app/seller/da
shboard/products/page.t
sx [Server Component]


./Desktop/eCommerce/fro
ntend/app/seller/dashbo
ard/products/page.tsx:5
:1
Export formatCurrency 
doesn't exist in 
target module
[0m [90m 3 |[39m 
[36mimport[39m { 
useEffect[33m,[39m 
useState } 
[36mfrom[39m [32m"re
act"[39m[33m;[39m
 [90m 4 |[39m 
[36mimport[39m { api 
} [36mfrom[39m [32m"
@/lib/api"[39m[33m;[
39m
[31m[1m>[22m[39m[9
0m 5 |[39m 
[36mimport[39m { 
formatCurrency } 
[36mfrom[39m [32m"@/
lib/utils"[39m[33m;[
39m
 [90m   |[39m [31m[
1m^[22m[39m[31m[1m^
[22m[39m[31m[1m^[2
2m[39m[31m[1m^[22m
[39m[31m[1m^[22m[39
m[31m[1m^[22m[39m[
31m[1m^[22m[39m[31m
[1m^[22m[39m[31m[1
m^[22m[39m[31m[1m^
[22m[39m[31m[1m^[22
m[39m[31m[1m^[22m[
39m[31m[1m^[22m[39m
[31m[1m^[22m[39m[3
1m[1m^[22m[39m[31m
[1m^[22m[39m[31m[1m
^[22m[39m[31m[1m^[
22m[39m[31m[1m^[22m
[39m[31m[1m^[22m[3
9m[31m[1m^[22m[39m
[31m[1m^[22m[39m[31
m[1m^[22m[39m[31m[
1m^[22m[39m[31m[1m^
[22m[39m[31m[1m^[2
2m[39m[31m[1m^[22m
[39m[31m[1m^[22m[39
m[31m[1m^[22m[39m[
31m[1m^[22m[39m[31m
[1m^[22m[39m[31m[1
m^[22m[39m[31m[1m^
[22m[39m[31m[1m^[22
m[39m[31m[1m^[22m[
39m[31m[1m^[22m[39m
[31m[1m^[22m[39m[3
1m[1m^[22m[39m[31m
[1m^[22m[39m[31m[1m
^[22m[39m[31m[1m^[
22m[39m[31m[1m^[22m
[39m[31m[1m^[22m[3
9m[31m[1m^[22m[39m
[31m[1m^[22m[39m
 [90m 6 |[39m 
[36mimport[39m 
[33mLink[39m 
[36mfrom[39m [32m"ne
xt/link"[39m[33m;[39
m
 [90m 7 |[39m 
[36mimport[39m { 
 [90m 8 |[39m   [33m
Plus[39m[33m,[39m 
[0m

The export 
formatCurrency was not 
found in module [projec
t]/Desktop/eCommerce/fr
ontend/lib/utils.ts 
[app-ssr] (ecmascript).
Did you mean to import 
cn?
All exports of the 
module are statically 
known (It doesn't have 
dynamic exports). So 
it's known statically 
that the requested 
export doesn't exist.

Import traces:
  Client Component 
Browser:
    ./Desktop/eCommerce
/frontend/app/seller/da
shboard/products/page.t
sx [Client Component 
Browser]
    ./Desktop/eCommerce
/frontend/app/seller/da
shboard/products/page.t
sx [Server Component]

  Client Component SSR:
    ./Desktop/eCommerce
/frontend/app/seller/da
shboard/products/page.t
sx [Client Component 
SSR]
    ./Desktop/eCommerce
/frontend/app/seller/da
shboard/products/page.t
sx [Server Component]


    at <unknown> (./Des
ktop/eCommerce/frontend
/app/seller/dashboard/o
rders/page.tsx:5:1)
    at <unknown> (./Des
ktop/eCommerce/frontend
/app/seller/dashboard/o
rders/page.tsx:5:1)
    at <unknown> (./Des
ktop/eCommerce/frontend
/app/seller/dashboard/p
age.tsx:5:1)
    at <unknown> (./Des
ktop/eCommerce/frontend
/app/seller/dashboard/p
age.tsx:5:1)
    at <unknown> (./Des
ktop/eCommerce/frontend
/app/seller/dashboard/p
ayouts/page.tsx:5:1)
    at <unknown> (./Des
ktop/eCommerce/frontend
/app/seller/dashboard/p
ayouts/page.tsx:5:1)
    at <unknown> (./Des
ktop/eCommerce/frontend
/app/seller/dashboard/p
roducts/page.tsx:5:1)
    at <unknown> (./Des
ktop/eCommerce/frontend
/app/seller/dashboard/p
roducts/page.tsx:5:1)
