app/product/[id]/page.tsx(494,9): error TS1005: ')' expected.
app/product/[id]/page.tsx(560,7): error TS1128: Declaration or statement expected.
app/product/[id]/page.tsx(563,12): error TS1005: ';' expected.
app/product/[id]/page.tsx(573,7): error TS1128: Declaration or statement expected.
app/product/[id]/page.tsx(577,5): error TS1109: Expression expected.
app/product/[id]/page.tsx(578,3): error TS1109: Expression expected.
